
> madan-creation-erp@0.0.0 build
> cross-env NODE_OPTIONS=--max-old-space-size=1024 vite build

[36mvite v6.4.1 [32mbuilding for production...[36m[39m
transforming...
[32mΓ£ô[39m 3148 modules transformed.
rendering chunks...
node.exe : [33m[plugin vite:reporter] 
At line:1 char:1
+ & "C:\Program Files\nodejs/node.exe" "C:\Program 
Files\nodejs/node_mo ...
+ 
~~~~~~~~~~~~~~~~~~~~~~~~~~~~~~~~~~~~~~~~~~~~~~~~~~~~~~~~~~~~~~~~~~~~~
    + CategoryInfo          : NotSpecified: ([33m[plugin vite:repor 
   ter] :String) [], RemoteException
    + FullyQualifiedErrorId : NativeCommandError
 
(!) C:/Users/DELL/.gemini/antigravity/scratch/purchase-order-system/s
rc/components/MigrationTool.jsx is dynamically imported by C:/Users/D
ELL/.gemini/antigravity/scratch/purchase-order-system/src/App.jsx 
but also statically imported by C:/Users/DELL/.gemini/antigravity/scr
atch/purchase-order-system/src/components/Layout.jsx, dynamic import 
will not move module into another chunk.
[39m
computing gzip size...
[2mdist/[22m[32mindex.html                                  [39m[1m[2m    0.47 kB[22m[1m[22m[2m Γöé gzip:   0.30 kB[22m
[2mdist/[22m[32massets/logo-CK1HT6dU.png                    [39m[1m[2m  370.72 kB[22m[1m[22m
[2mdist/[22m[35massets/index-C2KC5MGM.css                   [39m[1m[2m  106.69 kB[22m[1m[22m[2m Γöé gzip:  16.80 kB[22m
[2mdist/[22m[36massets/startOfMonth-DHl7TqjT.js             [39m[1m[2m    0.15 kB[22m[1m[22m[2m Γöé gzip:   0.15 kB[22m
[2mdist/[22m[36massets/chevron-right-CSZvoDK5.js            [39m[1m[2m    0.30 kB[22m[1m[22m[2m Γöé gzip:   0.25 kB[22m
[2mdist/[22m[36massets/loader-circle-DfkhjvUA.js            [39m[1m[2m    0.31 kB[22m[1m[22m[2m Γöé gzip:   0.26 kB[22m
[2mdist/[22m[36massets/plus-vSs9gJLi.js                     [39m[1m[2m    0.33 kB[22m[1m[22m[2m Γöé gzip:   0.25 kB[22m
[2mdist/[22m[36massets/arrow-left-SiAkU9mQ.js               [39m[1m[2m    0.34 kB[22m[1m[22m[2m Γöé gzip:   0.27 kB[22m
[2mdist/[22m[36massets/search-D5K3ud7C.js                   [39m[1m[2m    0.34 kB[22m[1m[22m[2m Γöé gzip:   0.27 kB[22m
[2mdist/[22m[36massets/user-CbO3PDKv.js                     [39m[1m[2m    0.36 kB[22m[1m[22m[2m Γöé gzip:   0.29 kB[22m
[2mdist/[22m[36massets/circle-x-DRPrU-0I.js                 [39m[1m[2m    0.38 kB[22m[1m[22m[2m Γöé gzip:   0.28 kB[22m
[2mdist/[22m[36massets/chart-no-axes-column-CQeoyJ1-.js     [39m[1m[2m    0.38 kB[22m[1m[22m[2m Γöé gzip:   0.28 kB[22m
[2mdist/[22m[36massets/mail-Bjc6aYl0.js                     [39m[1m[2m    0.39 kB[22m[1m[22m[2m Γöé gzip:   0.31 kB[22m
[2mdist/[22m[36massets/download-BI0UAztJ.js                 [39m[1m[2m    0.41 kB[22m[1m[22m[2m Γöé gzip:   0.30 kB[22m
[2mdist/[22m[36massets/pen-BhCLLI5I.js                      [39m[1m[2m    0.41 kB[22m[1m[22m[2m Γöé gzip:   0.31 kB[22m
[2mdist/[22m[36massets/arrow-up-down-v-k_ZQJM.js            [39m[1m[2m    0.42 kB[22m[1m[22m[2m Γöé gzip:   0.30 kB[22m
[2mdist/[22m[36massets/circle-alert-D5fJacd7.js             [39m[1m[2m    0.42 kB[22m[1m[22m[2m Γöé gzip:   0.30 kB[22m
[2mdist/[22m[36massets/eye-B8aZop4d.js                      [39m[1m[2m    0.42 kB[22m[1m[22m[2m Γöé gzip:   0.30 kB[22m
[2mdist/[22m[36massets/calendar-DDJsNK4w.js                 [39m[1m[2m    0.43 kB[22m[1m[22m[2m Γöé gzip:   0.31 kB[22m
[2mdist/[22m[36massets/zap-BM3Gs2ye.js                      [39m[1m[2m    0.44 kB[22m[1m[22m[2m Γöé gzip:   0.32 kB[22m
[2mdist/[22m[36massets/hash-KgYGhKna.js                     [39m[1m[2m    0.47 kB[22m[1m[22m[2m Γöé gzip:   0.30 kB[22m
[2mdist/[22m[36massets/list-CUUjmJGi.js                     [39m[1m[2m    0.48 kB[22m[1m[22m[2m Γöé gzip:   0.30 kB[22m
[2mdist/[22m[36massets/box-KVsHCrS8.js                      [39m[1m[2m    0.48 kB[22m[1m[22m[2m Γöé gzip:   0.33 kB[22m
[2mdist/[22m[36massets/user-plus-CXwe50y-.js                [39m[1m[2m    0.48 kB[22m[1m[22m[2m Γöé gzip:   0.34 kB[22m
[2mdist/[22m[36massets/differenceInDays-DKHsEgth.js         [39m[1m[2m    0.48 kB[22m[1m[22m[2m Γöé gzip:   0.29 kB[22m
[2mdist/[22m[36massets/printer-Dwc2Jnno.js                  [39m[1m[2m    0.49 kB[22m[1m[22m[2m Γöé gzip:   0.34 kB[22m
[2mdist/[22m[36massets/square-pen-Dii32l37.js               [39m[1m[2m    0.49 kB[22m[1m[22m[2m Γöé gzip:   0.34 kB[22m
[2mdist/[22m[36massets/tag-D-qMEUKF.js                      [39m[1m[2m    0.49 kB[22m[1m[22m[2m Γöé gzip:   0.35 kB[22m
[2mdist/[22m[36massets/save-Cgm7sJkn.js                     [39m[1m[2m    0.50 kB[22m[1m[22m[2m Γöé gzip:   0.33 kB[22m
[2mdist/[22m[36massets/trash-2-C6WtUU5S.js                  [39m[1m[2m    0.50 kB[22m[1m[22m[2m Γöé gzip:   0.32 kB[22m
[2mdist/[22m[36massets/scan-line-Bbho2QMj.js                [39m[1m[2m    0.50 kB[22m[1m[22m[2m Γöé gzip:   0.32 kB[22m
[2mdist/[22m[36massets/camera-CWnfmRtN.js                   [39m[1m[2m    0.51 kB[22m[1m[22m[2m Γöé gzip:   0.35 kB[22m
[2mdist/[22m[36massets/shopping-bag-CAJNLQaj.js             [39m[1m[2m    0.51 kB[22m[1m[22m[2m Γöé gzip:   0.34 kB[22m
[2mdist/[22m[36massets/truck-DTNxI_1K.js                    [39m[1m[2m    0.57 kB[22m[1m[22m[2m Γöé gzip:   0.37 kB[22m
[2mdist/[22m[36massets/file-spreadsheet-IXgp9Ysd.js         [39m[1m[2m    0.60 kB[22m[1m[22m[2m Γöé gzip:   0.37 kB[22m
[2mdist/[22m[36massets/index-Chjiymov.js                    [39m[1m[2m    0.87 kB[22m[1m[22m[2m Γöé gzip:   0.52 kB[22m
[2mdist/[22m[36massets/shield-check-C0T2Opyp.js             [39m[1m[2m    1.05 kB[22m[1m[22m[2m Γöé gzip:   0.49 kB[22m
[2mdist/[22m[36massets/TNACreate-Cazx2WEu.js                [39m[1m[2m    2.24 kB[22m[1m[22m[2m Γöé gzip:   1.00 kB[22m
[2mdist/[22m[36massets/TNATemplateList-Bdt4rL2U.js          [39m[1m[2m    2.39 kB[22m[1m[22m[2m Γöé gzip:   0.83 kB[22m
[2mdist/[22m[36massets/ItemList-CnTcR0Z4.js                 [39m[1m[2m    2.56 kB[22m[1m[22m[2m Γöé gzip:   0.93 kB[22m
[2mdist/[22m[36massets/BarcodeModal-Du93OlpL.js             [39m[1m[2m    4.15 kB[22m[1m[22m[2m Γöé gzip:   1.55 kB[22m
[2mdist/[22m[36massets/SupplierForm-DCfafS2q.js             [39m[1m[2m    4.39 kB[22m[1m[22m[2m Γöé gzip:   1.14 kB[22m
[2mdist/[22m[36massets/SupplierList-BqqL98Mw.js             [39m[1m[2m    4.42 kB[22m[1m[22m[2m Γöé gzip:   1.73 kB[22m
[2mdist/[22m[36massets/CuttingReceiving-B9CsOlq9.js         [39m[1m[2m    4.57 kB[22m[1m[22m[2m Γöé gzip:   1.61 kB[22m
[2mdist/[22m[36massets/CostingList-B1LTx1gl.js              [39m[1m[2m    4.59 kB[22m[1m[22m[2m Γöé gzip:   1.54 kB[22m
[2mdist/[22m[36massets/ChallanList-BB16AJgp.js              [39m[1m[2m    4.67 kB[22m[1m[22m[2m Γöé gzip:   1.51 kB[22m
[2mdist/[22m[36massets/OutwardChallanList-DchKjfva.js       [39m[1m[2m    4.68 kB[22m[1m[22m[2m Γöé gzip:   1.57 kB[22m
[2mdist/[22m[36massets/CuttingFabricReceiving-CUfeCMaa.js   [39m[1m[2m    4.75 kB[22m[1m[22m[2m Γöé gzip:   1.77 kB[22m
[2mdist/[22m[36massets/PurchaseOrderList-BLTvueNk.js        [39m[1m[2m    4.92 kB[22m[1m[22m[2m Γöé gzip:   1.55 kB[22m
[2mdist/[22m[36massets/InvoiceList-B4r4Lz8I.js              [39m[1m[2m    4.93 kB[22m[1m[22m[2m Γöé gzip:   1.83 kB[22m
[2mdist/[22m[36massets/MaterialIssueList-B26OsJiR.js        [39m[1m[2m    5.09 kB[22m[1m[22m[2m Γöé gzip:   1.69 kB[22m
[2mdist/[22m[36massets/TNATemplateForm-Den5rlAB.js          [39m[1m[2m    5.20 kB[22m[1m[22m[2m Γöé gzip:   1.56 kB[22m
[2mdist/[22m[36massets/ProductionOrderList-CUjH-JYu.js      [39m[1m[2m    5.56 kB[22m[1m[22m[2m Γöé gzip:   1.84 kB[22m
[2mdist/[22m[36massets/FabricIssueList-DOMA0zB5.js          [39m[1m[2m    6.00 kB[22m[1m[22m[2m Γöé gzip:   1.94 kB[22m
[2mdist/[22m[36massets/Login-wudyQhLl.js                    [39m[1m[2m    6.19 kB[22m[1m[22m[2m Γöé gzip:   2.05 kB[22m
[2mdist/[22m[36massets/CuttingList-BjH-EYel.js              [39m[1m[2m    6.26 kB[22m[1m[22m[2m Γöé gzip:   2.07 kB[22m
[2mdist/[22m[36massets/ProductionOrderDetails-s6tH262c.js   [39m[1m[2m    6.31 kB[22m[1m[22m[2m Γöé gzip:   1.90 kB[22m
[2mdist/[22m[36massets/ItemDetails-CBn9u-no.js              [39m[1m[2m    6.67 kB[22m[1m[22m[2m Γöé gzip:   1.52 kB[22m
[2mdist/[22m[36massets/FinishingInspectionForm-CT2dzBx2.js  [39m[1m[2m    6.71 kB[22m[1m[22m[2m Γöé gzip:   2.09 kB[22m
[2mdist/[22m[36massets/FabricIssueDetails-CoOxRN10.js       [39m[1m[2m    7.60 kB[22m[1m[22m[2m Γöé gzip:   1.96 kB[22m
[2mdist/[22m[36massets/BarcodeGenerator-C5r0zUr7.js         [39m[1m[2m    7.99 kB[22m[1m[22m[2m Γöé gzip:   2.40 kB[22m
[2mdist/[22m[36massets/HRDashboard-FjBRc91d.js              [39m[1m[2m    8.47 kB[22m[1m[22m[2m Γöé gzip:   2.68 kB[22m
[2mdist/[22m[36massets/CartonPacking-BBDNMIkG.js            [39m[1m[2m    8.72 kB[22m[1m[22m[2m Γöé gzip:   2.86 kB[22m
[2mdist/[22m[36massets/FinishingReceiveForm-nMjTaiHa.js     [39m[1m[2m    8.87 kB[22m[1m[22m[2m Γöé gzip:   2.74 kB[22m
[2mdist/[22m[36massets/ItemForm-B-7Ijolf.js                 [39m[1m[2m    9.52 kB[22m[1m[22m[2m Γöé gzip:   2.40 kB[22m
[2mdist/[22m[36massets/StitchingIssueDetails-CHNO3ou4.js    [39m[1m[2m    9.69 kB[22m[1m[22m[2m Γöé gzip:   2.53 kB[22m
[2mdist/[22m[36massets/Dashboard-BHdeUC8r.js                [39m[1m[2m    9.98 kB[22m[1m[22m[2m Γöé gzip:   3.16 kB[22m
[2mdist/[22m[36massets/ProductionOrderForm-BZqp3SVp.js      [39m[1m[2m   10.08 kB[22m[1m[22m[2m Γöé gzip:   2.89 kB[22m
[2mdist/[22m[36massets/TNADashboard-DvjFVoDE.js             [39m[1m[2m   10.13 kB[22m[1m[22m[2m Γöé gzip:   2.86 kB[22m
[2mdist/[22m[36massets/MaterialIssueForm-CIwvJMRw.js        [39m[1m[2m   10.17 kB[22m[1m[22m[2m Γöé gzip:   3.10 kB[22m
[2mdist/[22m[36massets/StitchingIssueForm-DLM-Pk_K.js       [39m[1m[2m   11.07 kB[22m[1m[22m[2m Γöé gzip:   3.38 kB[22m
[2mdist/[22m[36massets/DispatchForm-DqAjihjr.js             [39m[1m[2m   11.73 kB[22m[1m[22m[2m Γöé gzip:   3.42 kB[22m
[2mdist/[22m[36massets/FabricIssueForm-8A1hOZnb.js          [39m[1m[2m   11.94 kB[22m[1m[22m[2m Γöé gzip:   3.84 kB[22m
[2mdist/[22m[36massets/CuttingDetails-B0RunrIN.js           [39m[1m[2m   12.12 kB[22m[1m[22m[2m Γöé gzip:   2.93 kB[22m
[2mdist/[22m[36massets/CostingDetails-iDEmZP90.js           [39m[1m[2m   12.33 kB[22m[1m[22m[2m Γöé gzip:   3.34 kB[22m
[2mdist/[22m[36massets/OutwardChallanDetails-GQ37WyA4.js    [39m[1m[2m   12.48 kB[22m[1m[22m[2m Γöé gzip:   2.99 kB[22m
[2mdist/[22m[36massets/SalaryCalculation-DutycKfH.js        [39m[1m[2m   12.48 kB[22m[1m[22m[2m Γöé gzip:   3.98 kB[22m
[2mdist/[22m[36massets/index-Br7REqB6.js                    [39m[1m[2m   12.99 kB[22m[1m[22m[2m Γöé gzip:   5.18 kB[22m
[2mdist/[22m[36massets/StyleDetails-CnpxXCuK.js             [39m[1m[2m   13.54 kB[22m[1m[22m[2m Γöé gzip:   3.18 kB[22m
[2mdist/[22m[36massets/FinishingList-CEzIQ7wf.js            [39m[1m[2m   14.46 kB[22m[1m[22m[2m Γöé gzip:   3.65 kB[22m
[2mdist/[22m[36massets/export-hDNRH1tT.js                   [39m[1m[2m   14.66 kB[22m[1m[22m[2m Γöé gzip:   5.20 kB[22m
[2mdist/[22m[36massets/ProductionMasters-BzsXyn7H.js        [39m[1m[2m   15.08 kB[22m[1m[22m[2m Γöé gzip:   3.84 kB[22m
[2mdist/[22m[36massets/TNAPlanDetails-CXyTyWiB.js           [39m[1m[2m   15.14 kB[22m[1m[22m[2m Γöé gzip:   4.44 kB[22m
[2mdist/[22m[36massets/FinishingReceiveList-DanjnSRd.js     [39m[1m[2m   15.40 kB[22m[1m[22m[2m Γöé gzip:   3.96 kB[22m
[2mdist/[22m[36massets/EmployeeManagement-ceNKKPH0.js       [39m[1m[2m   15.78 kB[22m[1m[22m[2m Γöé gzip:   4.20 kB[22m
[2mdist/[22m[36massets/InventoryList-CnlnrdnL.js            [39m[1m[2m   15.84 kB[22m[1m[22m[2m Γöé gzip:   5.04 kB[22m
[2mdist/[22m[36massets/CuttingForm-BDJnXIf2.js              [39m[1m[2m   17.65 kB[22m[1m[22m[2m Γöé gzip:   4.64 kB[22m
[2mdist/[22m[36massets/InvoiceDetails-Blo98j_h.js           [39m[1m[2m   17.84 kB[22m[1m[22m[2m Γöé gzip:   3.90 kB[22m
[2mdist/[22m[36massets/UserManagement-CjSl73z1.js           [39m[1m[2m   17.93 kB[22m[1m[22m[2m Γöé gzip:   4.31 kB[22m
[2mdist/[22m[36massets/DispatchList-BbfiJ_W9.js             [39m[1m[2m   18.07 kB[22m[1m[22m[2m Γöé gzip:   4.63 kB[22m
[2mdist/[22m[36massets/StyleForm-Wg37Sm6V.js                [39m[1m[2m   19.28 kB[22m[1m[22m[2m Γöé gzip:   4.50 kB[22m
[2mdist/[22m[36massets/CostingForm-zmVhtCCH.js              [39m[1m[2m   20.08 kB[22m[1m[22m[2m Γöé gzip:   4.54 kB[22m
[2mdist/[22m[36massets/ChallanForm-BiYeTEH1.js              [39m[1m[2m   20.11 kB[22m[1m[22m[2m Γöé gzip:   5.04 kB[22m
[2mdist/[22m[36massets/PurchaseOrderForm-DeKeQR6s.js        [39m[1m[2m   20.95 kB[22m[1m[22m[2m Γöé gzip:   4.91 kB[22m
[2mdist/[22m[36massets/ChallanDetails-DwbCDhWO.js           [39m[1m[2m   21.22 kB[22m[1m[22m[2m Γöé gzip:   4.94 kB[22m
[2mdist/[22m[36massets/purify.es-C_uT9hQ1.js                [39m[1m[2m   21.98 kB[22m[1m[22m[2m Γöé gzip:   8.74 kB[22m
[2mdist/[22m[36massets/StitchingList-Bz-1ueu4.js            [39m[1m[2m   25.25 kB[22m[1m[22m[2m Γöé gzip:   5.20 kB[22m
[2mdist/[22m[36massets/AttendanceMarking-DW_YFk-f.js        [39m[1m[2m   25.65 kB[22m[1m[22m[2m Γöé gzip:   6.89 kB[22m
[2mdist/[22m[36massets/DPRWorkspace-CPCrbhQG.js             [39m[1m[2m   25.82 kB[22m[1m[22m[2m Γöé gzip:   6.07 kB[22m
[2mdist/[22m[36massets/InvoiceForm-C20CkzUV.js              [39m[1m[2m   26.80 kB[22m[1m[22m[2m Γöé gzip:   7.15 kB[22m
[2mdist/[22m[36massets/StitchingProduction-BA4d3WOG.js      [39m[1m[2m   27.16 kB[22m[1m[22m[2m Γöé gzip:   6.61 kB[22m
[2mdist/[22m[36massets/index.esm-B2636T3c.js                [39m[1m[2m   28.66 kB[22m[1m[22m[2m Γöé gzip:  10.58 kB[22m
[2mdist/[22m[36massets/OutwardChallanForm-Bf0t9bYE.js       [39m[1m[2m   30.22 kB[22m[1m[22m[2m Γöé gzip:   7.42 kB[22m
[2mdist/[22m[36massets/jspdf.plugin.autotable-BXqZBTuE.js   [39m[1m[2m   39.30 kB[22m[1m[22m[2m Γöé gzip:  12.63 kB[22m
[2mdist/[22m[36massets/StyleList-Dkw5bj3p.js                [39m[1m[2m   40.90 kB[22m[1m[22m[2m Γöé gzip:  13.10 kB[22m
[2mdist/[22m[36massets/index-C7DIdQWk.js                    [39m[1m[2m   60.48 kB[22m[1m[22m[2m Γöé gzip:  16.76 kB[22m
[2mdist/[22m[36massets/react-barcode-D_bqPYYZ.js            [39m[1m[2m   71.57 kB[22m[1m[22m[2m Γöé gzip:  15.45 kB[22m
[2mdist/[22m[36massets/index.es-pnHBnay5.js                 [39m[1m[2m  159.42 kB[22m[1m[22m[2m Γöé gzip:  53.45 kB[22m
[2mdist/[22m[36massets/html2canvas.esm-QH1iLAAe.js          [39m[1m[2m  202.38 kB[22m[1m[22m[2m Γöé gzip:  48.04 kB[22m
[2mdist/[22m[36massets/jspdf.es.min-0LLVOUGs.js             [39m[1m[2m  358.18 kB[22m[1m[22m[2m Γöé gzip: 118.09 kB[22m
[2mdist/[22m[36massets/TNAReports-TLjq2bXW.js               [39m[1m[2m  361.13 kB[22m[1m[22m[2m Γöé gzip: 107.94 kB[22m
[2mdist/[22m[36massets/xlsx-CbK9Czsv.js                     [39m[1m[2m  424.73 kB[22m[1m[22m[2m Γöé gzip: 141.75 kB[22m
[2mdist/[22m[36massets/index-DUQ6OnQ1.js                    [39m[1m[2m  523.88 kB[22m[1m[22m[2m Γöé gzip: 149.28 kB[22m
[2mdist/[22m[36massets/face-api.esm-HcyqA83A.js             [39m[1m[2m1,319.18 kB[22m[1m[22m[2m Γöé gzip: 337.94 kB[22m
[32mΓ£ô built in 15.13s[39m
